// Jest Snapshot v1, https://goo.gl/fbAQLP

exports[`SvgIcon demo -- svgIcon 1`] = `
.c26 {
  -webkit-transition: all 0.3s;
  transition: all 0.3s;
  display: inline-block;
  vertical-align: middle;
  fill: #333;
  width: 12px;
  height: 12px;
}

.c5 {
  position: relative;
  display: block;
  box-sizing: border-box;
  min-height: 1px;
  float: left;
  -webkit-flex: 0 0 auto;
  -ms-flex: 0 0 auto;
  flex: 0 0 auto;
  width: 25%;
}

.c6 {
  position: relative;
  display: block;
  box-sizing: border-box;
  min-height: 1px;
  float: left;
  -webkit-flex: 0 0 auto;
  -ms-flex: 0 0 auto;
  flex: 0 0 auto;
  width: 75%;
}

.c2 {
  position: relative;
  display: block;
  height: auto;
  margin-left: -8px;
  margin-right: -8px;
}

.c2:before,
.c2:after {
  content: ' ';
  display: table;
}

.c2:after {
  clear: both;
}

.c2 .c4 {
  padding-left: 8px;
  padding-right: 8px;
}

.c3 {
  padding-top: 4px;
  line-height: 20px;
  word-break: break-all;
}

.c0 .c1 {
  margin-bottom: 16px;
}

.c0 .c1:last-child {
  margin-bottom: 0;
}

.c16 {
  position: relative;
  height: 100%;
  width: 100%;
  border-radius: 2px;
  box-sizing: border-box;
}

.c18 {
  width: 100%;
  height: 100%;
  text-align: center;
  line-height: 22px;
  box-sizing: border-box;
  display: block;
}

.c21 {
  position: absolute;
  display: inline-block;
  left: -1px;
  top: -2px;
  border-radius: 2px;
  box-sizing: border-box;
  -webkit-transition: all 0.3s;
  transition: all 0.3s;
}

.c23 {
  position: absolute;
  display: inline-block;
  left: 18px;
  top: 4px;
  width: 2px;
  height: 16px;
  border-radius: 1px;
  -webkit-transition: all 0.3s;
  transition: all 0.3s;
}

.c14 {
  position: relative;
  border-radius: 2px;
  overflow: hidden;
  box-sizing: border-box;
  cursor: pointer;
  -webkit-transition: all 0.3s;
  transition: all 0.3s;
  display: inline-block;
  vertical-align: middle;
  background: #fff;
  height: 28px;
  width: 80px;
  padding: 4px;
  border: 1px solid #c3cad9;
  border-width: 1px;
  line-height: 16px;
}

.c14:hover {
  border-color: #3555f6;
}

.c14 .c20 {
  background-color: #fff;
  box-shadow: 0 0.5px 0.5px #c3cad9;
  border: 1px solid #c3cad9;
  width: 20px;
  height: 20px;
}

.c14 .c22 {
  background-color: #e69b9b;
  left: 13px;
  height: 10px;
}

.c14 .c15 {
  border: 1px solid #c3cad9;
  background-color: #ebedf0;
  color: #6b798e;
}

.c14 .c17,
.c14 .c19 {
  line-height: 16px;
}

.c14 .c17 {
  padding-right: 20px;
}

.c14 .c19 {
  padding-left: 20px;
}

.c14 .c17 {
  display: none;
}

.c12 {
  vertical-align: baseline;
}

.c25 {
  display: table;
  width: 100%;
}

.c24 {
  position: relative;
  display: inline-block;
  vertical-align: middle;
  box-sizing: border-box;
  color: #526075;
  border: 1px solid #d2d6ea;
  background: #fafafc;
  border-radius: 2px;
  height: 28px;
  box-shadow: inset 0 1px 3px 0 #d2d6ea;
  -webkit-transition: .18s cubic-bezier(.4,0,.2,1);
  transition: .18s cubic-bezier(.4,0,.2,1);
}

.c24 input {
  vertical-align: middle;
  display: table-cell;
  box-sizing: border-box;
  width: 100%;
  padding: 0px 8px;
  margin: 0;
  font-size: inherit;
  color: inherit;
}

.c24 input,
.c24 input:hover,
.c24 input:focus {
  border: none;
  outline: none;
  background: none;
}

.c24:hover {
  color: #0a1633;
  border-color: #c3cad9;
  background-color: #f6f6fb;
}

.c24 input {
  line-height: 26px;
  height: 26px;
}

.c24 input::-webkit-input-placeholder {
  color: #c3cad9;
}

.c24 input::-moz-placeholder {
  color: #c3cad9;
}

.c24 input:-ms-input-placeholder {
  color: #c3cad9;
}

.c24 input::placeholder {
  color: #c3cad9;
}

.c11 {
  margin-right: 8px;
  font-size: 14px;
}

.c9 {
  color: #6b798e;
  font-size: 12px;
  position: relative;
  cursor: pointer;
  display: inline-block;
  vertical-align: middle;
  height: 28px;
  line-height: 28px;
}

.c9 .c10 {
  color: #3555f6;
}

.c13 {
  color: #6b798e;
  font-size: 12px;
  position: relative;
  cursor: pointer;
  display: inline-block;
  vertical-align: middle;
  height: 28px;
  line-height: 28px;
}

.c7 {
  position: relative;
  margin-bottom: -8px;
}

.c7 .c8,
.c7 .style__RadioTagWrap-sc-25j3mq-3 {
  margin-right: 8px;
  margin-bottom: 8px;
}

.c7 .c8:last-child,
.c7 .style__RadioTagWrap-sc-25j3mq-3:last-child {
  margin-right: 0;
}

.c7 .c28 {
  margin-right: 12px;
  margin-bottom: 8px;
}

.c7 .c28:last-child {
  margin-right: 0;
}

.c7 .c29+.c29 {
  margin-left: -1px;
}

.c7 .c27 {
  margin-right: -1px;
  margin-bottom: 8px;
}

.c7 .c27:first-child {
  border-radius: 2px 0 0 2px;
}

.c7 .c27:last-child {
  border-radius: 0 2px 2px 0;
  margin-right: 0;
}

<div>
  <form
    class="demo-form uc-fe-form c0"
  >
    <div
      class="c1 uc-fe-form-item uc-fe-row c2"
    >
      <div
        class="uc-fe-form-label c3 c4 uc-fe-col c5"
        span="3"
      >
        type
      </div>
      <div
        class="uc-fe-form-controller c4 uc-fe-col c6"
        span="9"
      >
        <div
          class="c7"
        >
          <div
            checked=""
            class="c8 uc-fe-radio uc-fe-radio-checked uc-fe-radio-size-md uc-fe-radio-styletype-default c9"
          >
            <i
              class="uc-fe-icon icon__cbox-ed c10 c11 c12"
            />
            tick
          </div>
          <div
            class="c8 uc-fe-radio uc-fe-radio-size-md uc-fe-radio-styletype-default c13"
          >
            <i
              class="uc-fe-icon icon__cbox c10 c11 c12"
            />
            cross
          </div>
          <div
            class="c8 uc-fe-radio uc-fe-radio-size-md uc-fe-radio-styletype-default c13"
          >
            <i
              class="uc-fe-icon icon__cbox c10 c11 c12"
            />
            boldCross
          </div>
          <div
            class="c8 uc-fe-radio uc-fe-radio-size-md uc-fe-radio-styletype-default c13"
          >
            <i
              class="uc-fe-icon icon__cbox c10 c11 c12"
            />
            circleLoading
          </div>
          <div
            class="c8 uc-fe-radio uc-fe-radio-size-md uc-fe-radio-styletype-default c13"
          >
            <i
              class="uc-fe-icon icon__cbox c10 c11 c12"
            />
            dottedRightArrow
          </div>
        </div>
      </div>
    </div>
    <div
      class="c1 uc-fe-form-item uc-fe-row c2"
    >
      <div
        class="uc-fe-form-label c3 c4 uc-fe-col c5"
        span="3"
      >
        spin
      </div>
      <div
        class="uc-fe-form-controller c4 uc-fe-col c6"
        span="9"
      >
        <div
          class="c14"
        >
          <div
            class="c15 c16"
          >
            <span
              class="c17 c18"
            >
              ON
            </span>
            <span
              class="c19 c18"
            >
              OFF
            </span>
            <span
              class="c20 c21"
            >
              <span
                class="c22 c23"
              />
            </span>
          </div>
        </div>
      </div>
    </div>
    <div
      class="c1 uc-fe-form-item uc-fe-row c2"
    >
      <div
        class="uc-fe-form-label c3 c4 uc-fe-col c5"
        span="3"
      >
        size
      </div>
      <div
        class="uc-fe-form-controller c4 uc-fe-col c6"
        span="9"
      >
        <span
          class="uc-fe-input c24"
        >
          <span
            class="c25"
          >
            <input
              value="12px"
            />
          </span>
        </span>
      </div>
    </div>
    <div
      class="c1 uc-fe-form-item uc-fe-row c2"
    >
      <div
        class="uc-fe-form-label c3 c4 uc-fe-col c5"
        span="3"
      >
        color
      </div>
      <div
        class="uc-fe-form-controller c4 uc-fe-col c6"
        span="9"
      >
        <input
          type="color"
          value="#333"
        />
      </div>
    </div>
  </form>
  <div
    class="demo-wrap"
  >
    <svg
      class="c26"
      color="#333"
      viewBox="0 0 24 24"
      xmlns="http://www.w3.org/2000/svg"
    >
      <path
        d="M19.23 5.52a1 1 0 011.62 1.16l-.08.11-9.93 12.07a1 1 0 01-1.33.19l-.1-.05-6.07-5.38A1 1 0 014.56 12l.1.08L10 16.79z"
      />
    </svg>
  </div>
</div>
`;

exports[`SvgIcon demo -- svgIcon-color 1`] = `
.c0 {
  -webkit-transition: all 0.3s;
  transition: all 0.3s;
  display: inline-block;
  vertical-align: middle;
  fill: black;
  width: 12px;
  height: 12px;
}

.c1 {
  -webkit-transition: all 0.3s;
  transition: all 0.3s;
  display: inline-block;
  vertical-align: middle;
  fill: white;
  width: 12px;
  height: 12px;
}

.c2 {
  -webkit-transition: all 0.3s;
  transition: all 0.3s;
  display: inline-block;
  vertical-align: middle;
  fill: red;
  width: 12px;
  height: 12px;
}

.c3 {
  -webkit-transition: all 0.3s;
  transition: all 0.3s;
  display: inline-block;
  vertical-align: middle;
  fill: green;
  width: 12px;
  height: 12px;
}

.c4 {
  -webkit-transition: all 0.3s;
  transition: all 0.3s;
  display: inline-block;
  vertical-align: middle;
  fill: blue;
  width: 12px;
  height: 12px;
}

.c5 {
  -webkit-transition: all 0.3s;
  transition: all 0.3s;
  display: inline-block;
  vertical-align: middle;
  fill: purple;
  width: 12px;
  height: 12px;
}

.c6 {
  -webkit-transition: all 0.3s;
  transition: all 0.3s;
  display: inline-block;
  vertical-align: middle;
  fill: #18E1c9;
  width: 12px;
  height: 12px;
}

<div>
  <svg
    class="c0"
    color="black"
    style="margin-right:10px;"
    viewBox="0 0 24 24"
    xmlns="http://www.w3.org/2000/svg"
  >
    <path
      d="M19.07 4.93a1 1 0 010 1.41L13.41 12l5.66 5.66a1 1 0 11-1.41 1.41L12 13.41l-5.66 5.66a1 1 0 11-1.41-1.41L10.59 12 4.93 6.34a1 1 0 011.41-1.41L12 10.59l5.66-5.66a1 1 0 011.41 0z"
    />
  </svg>
  <svg
    class="c1"
    color="white"
    style="margin-right:10px;"
    viewBox="0 0 24 24"
    xmlns="http://www.w3.org/2000/svg"
  >
    <path
      d="M19.07 4.93a1 1 0 010 1.41L13.41 12l5.66 5.66a1 1 0 11-1.41 1.41L12 13.41l-5.66 5.66a1 1 0 11-1.41-1.41L10.59 12 4.93 6.34a1 1 0 011.41-1.41L12 10.59l5.66-5.66a1 1 0 011.41 0z"
    />
  </svg>
  <svg
    class="c2"
    color="red"
    style="margin-right:10px;"
    viewBox="0 0 24 24"
    xmlns="http://www.w3.org/2000/svg"
  >
    <path
      d="M19.07 4.93a1 1 0 010 1.41L13.41 12l5.66 5.66a1 1 0 11-1.41 1.41L12 13.41l-5.66 5.66a1 1 0 11-1.41-1.41L10.59 12 4.93 6.34a1 1 0 011.41-1.41L12 10.59l5.66-5.66a1 1 0 011.41 0z"
    />
  </svg>
  <svg
    class="c3"
    color="green"
    style="margin-right:10px;"
    viewBox="0 0 24 24"
    xmlns="http://www.w3.org/2000/svg"
  >
    <path
      d="M19.07 4.93a1 1 0 010 1.41L13.41 12l5.66 5.66a1 1 0 11-1.41 1.41L12 13.41l-5.66 5.66a1 1 0 11-1.41-1.41L10.59 12 4.93 6.34a1 1 0 011.41-1.41L12 10.59l5.66-5.66a1 1 0 011.41 0z"
    />
  </svg>
  <svg
    class="c4"
    color="blue"
    style="margin-right:10px;"
    viewBox="0 0 24 24"
    xmlns="http://www.w3.org/2000/svg"
  >
    <path
      d="M19.07 4.93a1 1 0 010 1.41L13.41 12l5.66 5.66a1 1 0 11-1.41 1.41L12 13.41l-5.66 5.66a1 1 0 11-1.41-1.41L10.59 12 4.93 6.34a1 1 0 011.41-1.41L12 10.59l5.66-5.66a1 1 0 011.41 0z"
    />
  </svg>
  <svg
    class="c5"
    color="purple"
    style="margin-right:10px;"
    viewBox="0 0 24 24"
    xmlns="http://www.w3.org/2000/svg"
  >
    <path
      d="M19.07 4.93a1 1 0 010 1.41L13.41 12l5.66 5.66a1 1 0 11-1.41 1.41L12 13.41l-5.66 5.66a1 1 0 11-1.41-1.41L10.59 12 4.93 6.34a1 1 0 011.41-1.41L12 10.59l5.66-5.66a1 1 0 011.41 0z"
    />
  </svg>
  <svg
    class="c6"
    color="#18E1c9"
    style="margin-right:10px;"
    viewBox="0 0 24 24"
    xmlns="http://www.w3.org/2000/svg"
  >
    <path
      d="M19.07 4.93a1 1 0 010 1.41L13.41 12l5.66 5.66a1 1 0 11-1.41 1.41L12 13.41l-5.66 5.66a1 1 0 11-1.41-1.41L10.59 12 4.93 6.34a1 1 0 011.41-1.41L12 10.59l5.66-5.66a1 1 0 011.41 0z"
    />
  </svg>
</div>
`;

exports[`SvgIcon demo -- svgIcon-size 1`] = `
.c0 {
  -webkit-transition: all 0.3s;
  transition: all 0.3s;
  display: inline-block;
  vertical-align: middle;
  width: 12px;
  height: 12px;
}

.c1 {
  -webkit-transition: all 0.3s;
  transition: all 0.3s;
  display: inline-block;
  vertical-align: middle;
  width: 16px;
  height: 16px;
}

.c2 {
  -webkit-transition: all 0.3s;
  transition: all 0.3s;
  display: inline-block;
  vertical-align: middle;
  width: 30px;
  height: 30px;
}

.c3 {
  -webkit-transition: all 0.3s;
  transition: all 0.3s;
  display: inline-block;
  vertical-align: middle;
  width: 2em;
  height: 2em;
}

.c4 {
  -webkit-transition: all 0.3s;
  transition: all 0.3s;
  display: inline-block;
  vertical-align: middle;
  width: 3rem;
  height: 3rem;
}

<div>
  <svg
    class="c0"
    style="margin-right:10px;"
    viewBox="0 0 24 24"
    xmlns="http://www.w3.org/2000/svg"
  >
    <path
      d="M19.07 4.93a1 1 0 010 1.41L13.41 12l5.66 5.66a1 1 0 11-1.41 1.41L12 13.41l-5.66 5.66a1 1 0 11-1.41-1.41L10.59 12 4.93 6.34a1 1 0 011.41-1.41L12 10.59l5.66-5.66a1 1 0 011.41 0z"
    />
  </svg>
  <svg
    class="c1"
    style="margin-right:10px;"
    viewBox="0 0 24 24"
    xmlns="http://www.w3.org/2000/svg"
  >
    <path
      d="M19.07 4.93a1 1 0 010 1.41L13.41 12l5.66 5.66a1 1 0 11-1.41 1.41L12 13.41l-5.66 5.66a1 1 0 11-1.41-1.41L10.59 12 4.93 6.34a1 1 0 011.41-1.41L12 10.59l5.66-5.66a1 1 0 011.41 0z"
    />
  </svg>
  <svg
    class="c2"
    style="margin-right:10px;"
    viewBox="0 0 24 24"
    xmlns="http://www.w3.org/2000/svg"
  >
    <path
      d="M19.07 4.93a1 1 0 010 1.41L13.41 12l5.66 5.66a1 1 0 11-1.41 1.41L12 13.41l-5.66 5.66a1 1 0 11-1.41-1.41L10.59 12 4.93 6.34a1 1 0 011.41-1.41L12 10.59l5.66-5.66a1 1 0 011.41 0z"
    />
  </svg>
  <svg
    class="c3"
    style="margin-right:10px;"
    viewBox="0 0 24 24"
    xmlns="http://www.w3.org/2000/svg"
  >
    <path
      d="M19.07 4.93a1 1 0 010 1.41L13.41 12l5.66 5.66a1 1 0 11-1.41 1.41L12 13.41l-5.66 5.66a1 1 0 11-1.41-1.41L10.59 12 4.93 6.34a1 1 0 011.41-1.41L12 10.59l5.66-5.66a1 1 0 011.41 0z"
    />
  </svg>
  <svg
    class="c4"
    style="margin-right:10px;"
    viewBox="0 0 24 24"
    xmlns="http://www.w3.org/2000/svg"
  >
    <path
      d="M19.07 4.93a1 1 0 010 1.41L13.41 12l5.66 5.66a1 1 0 11-1.41 1.41L12 13.41l-5.66 5.66a1 1 0 11-1.41-1.41L10.59 12 4.93 6.34a1 1 0 011.41-1.41L12 10.59l5.66-5.66a1 1 0 011.41 0z"
    />
  </svg>
</div>
`;

exports[`SvgIcon demo -- svgIcon-spin 1`] = `
.c0 {
  -webkit-transition: all 0.3s;
  transition: all 0.3s;
  display: inline-block;
  vertical-align: middle;
  width: 12px;
  height: 12px;
  -webkit-animation: iVXCSc 1.2s infinite linear;
  animation: iVXCSc 1.2s infinite linear;
}

<div>
  <svg
    class="c0"
    style="margin-right:10px;"
    viewBox="0 0 24 24"
    xmlns="http://www.w3.org/2000/svg"
  >
    <path
      d="M19.23 5.52a1 1 0 011.62 1.16l-.08.11-9.93 12.07a1 1 0 01-1.33.19l-.1-.05-6.07-5.38A1 1 0 014.56 12l.1.08L10 16.79z"
    />
  </svg>
  <svg
    class="c0"
    style="margin-right:10px;"
    viewBox="0 0 24 24"
    xmlns="http://www.w3.org/2000/svg"
  >
    <path
      d="M19.07 4.93a1 1 0 010 1.41L13.41 12l5.66 5.66a1 1 0 11-1.41 1.41L12 13.41l-5.66 5.66a1 1 0 11-1.41-1.41L10.59 12 4.93 6.34a1 1 0 011.41-1.41L12 10.59l5.66-5.66a1 1 0 011.41 0z"
    />
  </svg>
  <svg
    class="c0"
    style="margin-right:10px;"
    viewBox="0 0 24 24"
    xmlns="http://www.w3.org/2000/svg"
  >
    <path
      d="M20.24 3.76a2.32 2.32 0 00-3.33 0L12 8.67l-5-5A2.35 2.35 0 003.7 7l5 5-5 5A2.35 2.35 0 007 20.3l5-5 5 5a2.35 2.35 0 003.3-3.3l-5-5 5-5a2.3 2.3 0 00-.06-3.24z"
    />
  </svg>
  <svg
    class="c0"
    style="margin-right:10px;"
    viewBox="0 0 24 24"
    xmlns="http://www.w3.org/2000/svg"
  >
    <path
      d="M12 2a1 1 0 010 2.09A7.91 7.91 0 1019.91 12 1 1 0 0122 12 10 10 0 1112 2z"
    />
  </svg>
  <svg
    class="c0"
    style="margin-right:10px;"
    viewBox="0 0 24 24"
    xmlns="http://www.w3.org/2000/svg"
  >
    <path
      d="M16 6.14a1.05 1.05 0 011.5 0l4.21 5.27a1 1 0 010 1.5l-4.21 4.95a1 1 0 01-1.47 0 1.05 1.05 0 010-1.5l3.45-4.22L16 7.64a1.05 1.05 0 010-1.5zm-10.81 5a1.06 1.06 0 010 2.11H3.05a1.06 1.06 0 010-2.11h2.11zm5.26 0a1.06 1.06 0 010 2.11H8.32a1.06 1.06 0 110-2.11h2.1zm5.26 0a1.06 1.06 0 110 2.11h-2.1a1.06 1.06 0 010-2.11h2.1z"
    />
  </svg>
</div>
`;

exports[`SvgIcon demo -- svgIcon-type 1`] = `
.c0 {
  -webkit-transition: all 0.3s;
  transition: all 0.3s;
  display: inline-block;
  vertical-align: middle;
  width: 12px;
  height: 12px;
}

<div>
  <svg
    class="c0"
    style="margin-right:10px;"
    viewBox="0 0 24 24"
    xmlns="http://www.w3.org/2000/svg"
  >
    <path
      d="M19.23 5.52a1 1 0 011.62 1.16l-.08.11-9.93 12.07a1 1 0 01-1.33.19l-.1-.05-6.07-5.38A1 1 0 014.56 12l.1.08L10 16.79z"
    />
  </svg>
  <svg
    class="c0"
    style="margin-right:10px;"
    viewBox="0 0 24 24"
    xmlns="http://www.w3.org/2000/svg"
  >
    <path
      d="M19.07 4.93a1 1 0 010 1.41L13.41 12l5.66 5.66a1 1 0 11-1.41 1.41L12 13.41l-5.66 5.66a1 1 0 11-1.41-1.41L10.59 12 4.93 6.34a1 1 0 011.41-1.41L12 10.59l5.66-5.66a1 1 0 011.41 0z"
    />
  </svg>
  <svg
    class="c0"
    style="margin-right:10px;"
    viewBox="0 0 24 24"
    xmlns="http://www.w3.org/2000/svg"
  >
    <path
      d="M20.24 3.76a2.32 2.32 0 00-3.33 0L12 8.67l-5-5A2.35 2.35 0 003.7 7l5 5-5 5A2.35 2.35 0 007 20.3l5-5 5 5a2.35 2.35 0 003.3-3.3l-5-5 5-5a2.3 2.3 0 00-.06-3.24z"
    />
  </svg>
  <svg
    class="c0"
    style="margin-right:10px;"
    viewBox="0 0 24 24"
    xmlns="http://www.w3.org/2000/svg"
  >
    <path
      d="M12 2a1 1 0 010 2.09A7.91 7.91 0 1019.91 12 1 1 0 0122 12 10 10 0 1112 2z"
    />
  </svg>
  <svg
    class="c0"
    style="margin-right:10px;"
    viewBox="0 0 24 24"
    xmlns="http://www.w3.org/2000/svg"
  >
    <path
      d="M16 6.14a1.05 1.05 0 011.5 0l4.21 5.27a1 1 0 010 1.5l-4.21 4.95a1 1 0 01-1.47 0 1.05 1.05 0 010-1.5l3.45-4.22L16 7.64a1.05 1.05 0 010-1.5zm-10.81 5a1.06 1.06 0 010 2.11H3.05a1.06 1.06 0 010-2.11h2.11zm5.26 0a1.06 1.06 0 010 2.11H8.32a1.06 1.06 0 110-2.11h2.1zm5.26 0a1.06 1.06 0 110 2.11h-2.1a1.06 1.06 0 010-2.11h2.1z"
    />
  </svg>
</div>
`;
