// Jest Snapshot v1, https://goo.gl/fbAQLP

exports[`Tooltip tooltip 1`] = `
<div>
  <div>
    content
  </div>
</div>
`;

exports[`Tooltip tooltip 2`] = `
<div>
  <div
    style=""
  >
    content
  </div>
  <div
    style="position: absolute; top: 0px; left: 0px; width: 100%;"
  >
    <div>
      <div
        class="uc-fe-popover style__PopoverWrap-cfqvNq iMAKfT uc-fe-popover-placement-topLeft uc-fe-popover-animation-fade-appear"
        style="left: -999px; top: -1006px;"
      >
        <div
          class="style__TooltipWrap-gUIDEH coEymD"
        >
          <span
            class="style__Arrow-bfHBbq jAjcsO"
          >
            <span
              class="style__ArrowInner-cpbAEO jbBSfh"
            />
          </span>
          <div
            class="style__ContentWrap-kpQkHV iLFlIU"
          >
            <div>
              tooltip
            </div>
          </div>
        </div>
      </div>
    </div>
  </div>
</div>
`;
