// Jest Snapshot v1, https://goo.gl/fbAQLP

exports[`Pagination hideOnSinglePage 1`] = `null`;
