// Jest Snapshot v1, https://goo.gl/fbAQLP

exports[`Breadcrumb demo -- base 1`] = `
.c1 {
  cursor: pointer;
  -webkit-text-decoration: none;
  text-decoration: none;
  font-size: 14px;
  font-weight: 700;
  margin-right: 5px;
  display: inline-block;
  vertical-align: middle;
  color: #4074e1;
}

.c3 {
  cursor: pointer;
  -webkit-text-decoration: none;
  text-decoration: none;
  font-size: 14px;
  font-weight: 700;
  margin-right: 5px;
  display: inline-block;
  vertical-align: middle;
  color: #4074e1;
}

.c4 {
  cursor: pointer;
  -webkit-text-decoration: none;
  text-decoration: none;
  font-size: 14px;
  font-weight: 700;
  margin-right: 5px;
  display: inline-block;
  vertical-align: middle;
  color: #4074e1;
  pointer-events: none;
  color: #bbb;
}

.c5 {
  cursor: pointer;
  -webkit-text-decoration: none;
  text-decoration: none;
  font-size: 14px;
  font-weight: 700;
  margin-right: 5px;
  display: inline-block;
  vertical-align: middle;
  color: #4074e1;
  pointer-events: none;
  color: #6b798e;
}

.c2 {
  font-size: 14px;
  font-weight: 700;
  margin-right: 5px;
  display: inline-block;
  vertical-align: middle;
}

.c0 {
  font-size: 14px;
  color: #6b798e;
  vertical-align: baseline;
}

<div
  class="c0"
>
  <i
    class="icon__left "
    style="border:1px solid #c3cad9;font-size:16px;margin-right:5px;"
  />
  <a
    class="c1"
    href="https://www.google.com"
    target="_blank"
  >
    google
  </a>
  <span
    class="c2"
  >
    /
  </span>
  <span
    class="c3"
  >
    reload
  </span>
  <span
    class="c2"
  >
    /
  </span>
  <span
    class="c4"
    disabled=""
  >
    google
  </span>
  <span
    class="c2"
  >
    /
  </span>
  <span
    class="c5"
  >
    current
  </span>
</div>
`;
