// Jest Snapshot v1, https://goo.gl/fbAQLP

exports[`Compact demo -- compact 1`] = `
.c22 {
  margin-left: 1px;
}

.c22 .uc-fe-compact-controller {
  vertical-align: bottom;
  display: inline-block;
  margin-left: -1px;
}

.c22 .uc-fe-compact-controller:focus {
  z-index: 2;
}

.c22 .uc-fe-compact-controller:hover {
  z-index: 3;
}

.c26 {
  position: relative;
  color: #6b798e;
  display: inline-block;
  vertical-align: middle;
}

.c26 input {
  display: block;
  box-sizing: border-box;
  width: 100%;
  padding: 4px 8px;
  margin: 0;
  border: 1px solid #c3cad9;
  border-radius: 2px;
  background: #FFF;
  font-size: inherit;
  outline: none;
  color: inherit;
  height: 28px;
}

.c26 input::-webkit-input-placeholder {
  color: #abb4c3;
}

.c26 input::-moz-placeholder {
  color: #abb4c3;
}

.c26 input:-ms-input-placeholder {
  color: #abb4c3;
}

.c26 input::placeholder {
  color: #abb4c3;
}

.c26 input:hover {
  border-color: #4683e6;
}

.c26 input:focus {
  border-color: #4683e6;
}

.c24 {
  border-radius: 2px;
  cursor: pointer;
  padding: 0 8px;
  border: 1px solid #c3cad9;
  padding-right: 40px;
  box-sizing: border-box;
  height: 28px;
  line-height: 28px;
}

.c24:hover {
  border: 1px solid #4683e6;
}

.c25 {
  position: absolute;
  right: 8px;
  top: 50%;
  margin-top: -6px;
}

.c23 {
  box-sizing: border-box;
  position: relative;
  font-size: 12px;
  color: #6b798e;
  background-color: #FFF;
  display: inline-block;
  vertical-align: middle;
}

.c10 {
  margin-right: 8px;
}

.c8 {
  color: #6b798e;
  font-size: 14px;
  position: relative;
  cursor: pointer;
  display: inline-block;
  vertical-align: middle;
  height: 28px;
  line-height: 28px;
}

.c11 {
  color: #6b798e;
  font-size: 14px;
  position: relative;
  cursor: pointer;
  display: inline-block;
  vertical-align: middle;
  height: 28px;
  line-height: 28px;
}

.c11 .c9 {
  color: #4074e1;
}

.c6 .c7,
.c6 .style__RadioTagWrap-VWxju {
  margin-right: 8px;
}

.c6 .c7:last-child,
.c6 .style__RadioTagWrap-VWxju:last-child {
  margin-right: 0;
}

.c6 .style__RadioButtonWrap-sjeVo {
  margin-right: -1px;
}

.c6 .style__RadioButtonWrap-sjeVo:first-child {
  border-radius: 2px 0 0 2px;
}

.c6 .style__RadioButtonWrap-sjeVo:last-child {
  border-radius: 0 2px 2px 0;
  margin-right: 0;
}

.c4 {
  position: relative;
  display: block;
  box-sizing: border-box;
  min-height: 1px;
  float: left;
  -webkit-flex: 0 0 auto;
  -ms-flex: 0 0 auto;
  flex: 0 0 auto;
  width: 25%;
}

.c5 {
  position: relative;
  display: block;
  box-sizing: border-box;
  min-height: 1px;
  float: left;
  -webkit-flex: 0 0 auto;
  -ms-flex: 0 0 auto;
  flex: 0 0 auto;
  width: 75%;
}

.c1 {
  position: relative;
  display: block;
  height: auto;
  margin-left: -8px;
  margin-right: -8px;
}

.c1:before,
.c1:after {
  content: ' ';
  display: table;
}

.c1:after {
  clear: both;
}

.c1 .c3 {
  padding-left: 8px;
  padding-right: 8px;
}

.c0 {
  margin-bottom: 16px;
}

.c0:last-child {
  margin-bottom: 0;
}

.c2 {
  padding-top: 5px;
  line-height: 1.5;
  word-break: break-all;
}

.c13 {
  position: relative;
  height: 100%;
  width: 100%;
  border-radius: 2px;
  border: 1px solid #c3cad9;
  box-sizing: border-box;
  background: #ebedf0;
}

.c15 {
  width: 100%;
  height: 100%;
  text-align: center;
  line-height: 22px;
  box-sizing: border-box;
  display: inline-block;
  vertical-align: middle;
}

.c17 {
  width: 100%;
  height: 100%;
  text-align: center;
  line-height: 22px;
  box-sizing: border-box;
  display: inline-block;
  vertical-align: middle;
}

.c19 {
  position: absolute;
  display: inline-block;
  left: -1px;
  top: -2px;
  background-color: #fff;
  box-shadow: 0 0.5px 0.5px #c3cad9;
  border-radius: 2px;
  border: 1px solid #c3cad9;
  box-sizing: border-box;
  -webkit-transition: all 0.3s;
  transition: all 0.3s;
}

.c21 {
  position: absolute;
  display: inline-block;
  left: 18px;
  top: 4px;
  width: 2px;
  height: 16px;
  border-radius: 1px;
  background-color: #e69b9b;
  -webkit-transition: all 0.3s;
  transition: all 0.3s;
}

.c12 {
  position: relative;
  border-radius: 2px;
  overflow: hidden;
  box-sizing: border-box;
  cursor: pointer;
  background: #FFF;
  -webkit-transition: all 0.3s;
  transition: all 0.3s;
  display: inline-block;
  vertical-align: middle;
  height: 28px;
  width: 80px;
  padding: 4px;
  border: 1px solid #c3cad9;
  line-height: 16px;
}

.c12:hover {
  border-color: #4683e6;
}

.c12 .c18 {
  width: 20px;
  height: 20px;
}

.c12 .c20 {
  left: 13px;
  height: 10px;
}

.c12 .c14,
.c12 .c16 {
  line-height: 16px;
}

.c12 .c14 {
  padding-right: 20px;
}

.c12 .c16 {
  padding-left: 20px;
}

.c12 .c14 {
  display: none;
}

<div>
  <form
    class="demo-form"
  >
    <div
      class="c0 c1"
    >
      <div
        class="c2 c3 c4"
        span="3"
      >
        size
      </div>
      <div
        class="c3 c5"
        span="9"
      >
        <div
          class="c6"
        >
          <div
            class="c7 c8"
          >
            <i
              class="icon__circle c9 c10 "
            />
            sm
          </div>
          <div
            checked=""
            class="c7 c11"
          >
            <i
              class="icon__cbox-ed c9 c10 "
            />
            md
          </div>
          <div
            class="c7 c8"
          >
            <i
              class="icon__circle c9 c10 "
            />
            lg
          </div>
        </div>
      </div>
    </div>
    <div
      class="c0 c1"
    >
      <div
        class="c2 c3 c4"
        span="3"
      >
        disabled
      </div>
      <div
        class="c3 c5"
        span="9"
      >
        <div
          class="c12"
        >
          <div
            class="c13"
          >
            <span
              class="c14 c15"
            >
              ON
            </span>
            <span
              class="c16 c17"
            >
              OFF
            </span>
            <span
              class="c18 c19"
            >
              <span
                class="c20 c21"
              />
            </span>
          </div>
        </div>
      </div>
    </div>
  </form>
  <div
    class="demo-wrap"
  >
    <div
      class="c22"
    >
      <div
        class="uc-fe-compact-controller c23"
      >
        <div>
          <div
            class="c24"
          >
            <div>
              请选择
            </div>
            <i
              class="icon__down c25 "
            />
          </div>
        </div>
      </div>
      <span
        class="uc-fe-compact-controller c26"
      >
        <input />
      </span>
    </div>
  </div>
</div>
`;

exports[`Compact demo -- sharedProps 1`] = `
.c0 {
  margin-left: 1px;
}

.c0 .uc-fe-compact-controller {
  vertical-align: bottom;
  display: inline-block;
  margin-left: -1px;
}

.c0 .uc-fe-compact-controller:focus {
  z-index: 2;
}

.c0 .uc-fe-compact-controller:hover {
  z-index: 3;
}

.c6 {
  position: relative;
  color: #6b798e;
  display: inline-block;
  vertical-align: middle;
}

.c6 input {
  display: block;
  box-sizing: border-box;
  width: 100%;
  padding: 4px 8px;
  margin: 0;
  border: 1px solid #c3cad9;
  border-radius: 2px;
  background: #FFF;
  font-size: inherit;
  outline: none;
  color: inherit;
  height: 28px;
}

.c6 input::-webkit-input-placeholder {
  color: #abb4c3;
}

.c6 input::-moz-placeholder {
  color: #abb4c3;
}

.c6 input:-ms-input-placeholder {
  color: #abb4c3;
}

.c6 input::placeholder {
  color: #abb4c3;
}

.c6 input:hover {
  border-color: #4683e6;
}

.c6 input:focus {
  border-color: #4683e6;
}

.c4 {
  position: relative;
  color: #6b798e;
  display: inline-block;
  vertical-align: middle;
}

.c4 input {
  display: block;
  box-sizing: border-box;
  width: 100%;
  padding: 4px 8px;
  margin: 0;
  border: 1px solid #c3cad9;
  border-radius: 2px;
  background: #FFF;
  font-size: inherit;
  outline: none;
  color: inherit;
  height: 22px;
}

.c4 input::-webkit-input-placeholder {
  color: #abb4c3;
}

.c4 input::-moz-placeholder {
  color: #abb4c3;
}

.c4 input:-ms-input-placeholder {
  color: #abb4c3;
}

.c4 input::placeholder {
  color: #abb4c3;
}

.c4 input:hover {
  border-color: #4683e6;
}

.c4 input:focus {
  border-color: #4683e6;
}

.c5 {
  border-radius: 2px;
  cursor: pointer;
  padding: 0 8px;
  border: 1px solid #c3cad9;
  padding-right: 40px;
  box-sizing: border-box;
  height: 28px;
  line-height: 28px;
}

.c5:hover {
  border: 1px solid #4683e6;
}

.c2 {
  border-radius: 2px;
  cursor: pointer;
  padding: 0 8px;
  border: 1px solid #c3cad9;
  padding-right: 40px;
  box-sizing: border-box;
  height: 22px;
  line-height: 22px;
}

.c2:hover {
  border: 1px solid #4683e6;
}

.c3 {
  position: absolute;
  right: 8px;
  top: 50%;
  margin-top: -6px;
}

.c1 {
  box-sizing: border-box;
  position: relative;
  font-size: 12px;
  color: #6b798e;
  background-color: #FFF;
  display: inline-block;
  vertical-align: middle;
}

<div>
  <div
    class="demo-wrap"
  >
    <div
      class="c0"
    >
      <div
        class="uc-fe-compact-controller c1"
      >
        <div>
          <div
            class="c2"
          >
            <div>
              请选择
            </div>
            <i
              class="icon__down c3 "
            />
          </div>
        </div>
      </div>
      <span
        class="uc-fe-compact-controller c4"
      >
        <input />
      </span>
    </div>
  </div>
  <div
    class="demo-wrap"
  >
    <div
      class="c0"
    >
      <div
        class="uc-fe-compact-controller test_cls c1"
      >
        <div>
          <div
            class="c5"
          >
            <div>
              请选择
            </div>
            <i
              class="icon__down c3 "
            />
          </div>
        </div>
      </div>
      <span
        class="uc-fe-compact-controller test_cls c6"
      >
        <input />
      </span>
    </div>
  </div>
</div>
`;
