// Jest Snapshot v1, https://goo.gl/fbAQLP

exports[`Textarea demo -- disabled 1`] = `
.c0 {
  font-size: 12px;
  color: #6b798e;
  display: block;
  box-sizing: border-box;
  width: 100%;
  padding: 4px 8px;
  border: 1px solid #c3cad9;
  border-radius: 2px;
  background: #FFF;
  line-height: 1.5;
  min-height: 28px;
  resize: vertical;
  outline: none;
}

.c0:hover,
.c0:focus {
  border-color: #4683e6;
}

.c0[disabled] {
  border-color: #d9d9d9;
  background: #f7f7f7;
  color: #bbb;
}

<div>
  <div
    class="demo-wrap"
  >
    <textarea
      class="c0"
      disabled=""
    />
  </div>
  <div
    class="demo-wrap"
  >
    <textarea
      class="c0"
    />
  </div>
</div>
`;

exports[`Textarea demo -- textarea 1`] = `
.c16 {
  font-size: 12px;
  color: #6b798e;
  display: block;
  box-sizing: border-box;
  width: 100%;
  padding: 4px 8px;
  border: 1px solid #c3cad9;
  border-radius: 2px;
  background: #FFF;
  line-height: 1.5;
  min-height: 28px;
  resize: vertical;
  outline: none;
}

.c16:hover,
.c16:focus {
  border-color: #4683e6;
}

.c16[disabled] {
  border-color: #d9d9d9;
  background: #f7f7f7;
  color: #bbb;
}

.c4 {
  position: relative;
  display: block;
  box-sizing: border-box;
  min-height: 1px;
  float: left;
  -webkit-flex: 0 0 auto;
  -ms-flex: 0 0 auto;
  flex: 0 0 auto;
  width: 25%;
}

.c5 {
  position: relative;
  display: block;
  box-sizing: border-box;
  min-height: 1px;
  float: left;
  -webkit-flex: 0 0 auto;
  -ms-flex: 0 0 auto;
  flex: 0 0 auto;
  width: 75%;
}

.c1 {
  position: relative;
  display: block;
  height: auto;
  margin-left: -8px;
  margin-right: -8px;
}

.c1:before,
.c1:after {
  content: ' ';
  display: table;
}

.c1:after {
  clear: both;
}

.c1 .c3 {
  padding-left: 8px;
  padding-right: 8px;
}

.c0 {
  margin-bottom: 16px;
}

.c0:last-child {
  margin-bottom: 0;
}

.c2 {
  padding-top: 5px;
  line-height: 1.5;
  word-break: break-all;
}

.c7 {
  position: relative;
  height: 100%;
  width: 100%;
  border-radius: 2px;
  border: 1px solid #c3cad9;
  box-sizing: border-box;
  background: #ebedf0;
}

.c9 {
  width: 100%;
  height: 100%;
  text-align: center;
  line-height: 22px;
  box-sizing: border-box;
  display: inline-block;
  vertical-align: middle;
}

.c11 {
  width: 100%;
  height: 100%;
  text-align: center;
  line-height: 22px;
  box-sizing: border-box;
  display: inline-block;
  vertical-align: middle;
}

.c13 {
  position: absolute;
  display: inline-block;
  left: -1px;
  top: -2px;
  background-color: #fff;
  box-shadow: 0 0.5px 0.5px #c3cad9;
  border-radius: 2px;
  border: 1px solid #c3cad9;
  box-sizing: border-box;
  -webkit-transition: all 0.3s;
  transition: all 0.3s;
}

.c15 {
  position: absolute;
  display: inline-block;
  left: 18px;
  top: 4px;
  width: 2px;
  height: 16px;
  border-radius: 1px;
  background-color: #e69b9b;
  -webkit-transition: all 0.3s;
  transition: all 0.3s;
}

.c6 {
  position: relative;
  border-radius: 2px;
  overflow: hidden;
  box-sizing: border-box;
  cursor: pointer;
  background: #FFF;
  -webkit-transition: all 0.3s;
  transition: all 0.3s;
  display: inline-block;
  vertical-align: middle;
  height: 28px;
  width: 80px;
  padding: 4px;
  border: 1px solid #c3cad9;
  line-height: 16px;
}

.c6:hover {
  border-color: #4683e6;
}

.c6 .c12 {
  width: 20px;
  height: 20px;
}

.c6 .c14 {
  left: 13px;
  height: 10px;
}

.c6 .c8,
.c6 .c10 {
  line-height: 16px;
}

.c6 .c8 {
  padding-right: 20px;
}

.c6 .c10 {
  padding-left: 20px;
}

.c6 .c8 {
  display: none;
}

<div>
  <form
    class="demo-form"
  >
    <div
      class="c0 c1"
    >
      <div
        class="c2 c3 c4"
        span="3"
      >
        disabled
      </div>
      <div
        class="c3 c5"
        span="9"
      >
        <div
          class="c6"
        >
          <div
            class="c7"
          >
            <span
              class="c8 c9"
            >
              ON
            </span>
            <span
              class="c10 c11"
            >
              OFF
            </span>
            <span
              class="c12 c13"
            >
              <span
                class="c14 c15"
              />
            </span>
          </div>
        </div>
      </div>
    </div>
  </form>
  <div
    class="demo-wrap"
  >
    <textarea
      class="c16"
      placeholder="please input here"
    />
  </div>
</div>
`;
