// Jest Snapshot v1, https://goo.gl/fbAQLP

exports[`TimePicker demo -- base 1`] = `
Array [
  <span>
    XXX: null
  </span>,
  <span>
    click
  </span>,
]
`;
