// Jest Snapshot v1, https://goo.gl/fbAQLP

exports[`Skeleton demo -- skeleton 1`] = `
.emotion-28 {
  font-size: 12px;
}

.emotion-28 .uc-fe-form-item {
  margin-bottom: 16px;
}

.emotion-28 .uc-fe-form-item:last-child {
  margin-bottom: 0;
}

.emotion-10 {
  position: relative;
  display: block;
  height: auto;
  margin-left: -8px;
  margin-right: -8px;
}

.emotion-10:before,
.emotion-10:after {
  content: ' ';
  display: table;
}

.emotion-10:after {
  clear: both;
}

.emotion-10 > .uc-fe-col {
  padding-left: 8px;
  padding-right: 8px;
}

.emotion-1 {
  position: relative;
  display: block;
  box-sizing: border-box;
  min-height: 1px;
  float: left;
  -webkit-flex: 0 0 auto;
  -ms-flex: 0 0 auto;
  flex: 0 0 auto;
  width: 25%;
  padding-top: 4px;
  line-height: 20px;
  word-break: break-all;
  color: #526075;
}

.emotion-6 {
  position: relative;
  display: block;
  box-sizing: border-box;
  min-height: 1px;
  float: left;
  -webkit-flex: 0 0 auto;
  -ms-flex: 0 0 auto;
  flex: 0 0 auto;
  width: 75%;
}

.emotion-3 {
  position: relative;
  cursor: pointer;
  font-size: 12px;
  display: inline-block;
  vertical-align: middle;
  height: 28px;
  line-height: 28px;
  width: 73px;
}

.emotion-3 .uc-fe-switch-inner {
  border-radius: 2px;
  box-sizing: border-box;
  display: -webkit-inline-box;
  display: -webkit-inline-flex;
  display: -ms-inline-flexbox;
  display: inline-flex;
  -webkit-align-items: center;
  -webkit-box-align: center;
  -ms-flex-align: center;
  align-items: center;
  width: 100%;
  height: 100%;
  -webkit-user-select: none;
  -moz-user-select: none;
  -ms-user-select: none;
  user-select: none;
  -webkit-transition: color 0.3s;
  transition: color 0.3s;
}

.emotion-3 .uc-fe-switch-dot {
  position: absolute;
  display: block;
  right: 6px;
  top: 50%;
  margin-top: -2px;
  width: 4px;
  height: 4px;
  border-radius: 50%;
  -webkit-transition: background 0.3s;
  transition: background 0.3s;
}

.emotion-3 .uc-fe-switch-button {
  position: absolute;
  display: block;
  box-sizing: border-box;
  left: 0;
  top: 0;
  -webkit-transition: all 0.3s;
  transition: all 0.3s;
}

.emotion-3 .uc-fe-switch-button > span {
  display: block;
  width: 100%;
  height: 100%;
  border-radius: 2px;
  box-sizing: border-box;
}

.emotion-3 .uc-fe-switch-tip-on,
.emotion-3 .uc-fe-switch-tip-off {
  width: 100%;
  text-align: center;
  box-sizing: border-box;
  display: block;
}

.emotion-3 .uc-fe-switch-inner {
  background: #f6f6fb;
  border-color: #d2d6ea;
  border-width: 1px;
  border-style: solid;
  box-shadow: inset 0 1px 3px 0 #d2d6ea;
  color: #526075;
}

.emotion-3 .uc-fe-switch-button {
  width: 28px;
  height: 28px;
  padding: 2px;
}

.emotion-3 .uc-fe-switch-button > span {
  background: #ffffff;
  box-shadow: 0 2px 3px 0 rgba(0,0,0,0.12),inset 0 -2px 0 0 #e3e9ff;
  border: 1px solid #d2d6ea;
}

.emotion-3 .uc-fe-switch-dot {
  background: #f44336;
}

.emotion-3:hover .uc-fe-switch-inner {
  border-color: #c3cad9;
}

.emotion-3 .uc-fe-switch-tip-on {
  padding-right: 28px;
}

.emotion-3 .uc-fe-switch-tip-off {
  padding-left: 28px;
}

.emotion-3 .uc-fe-switch-tip-on {
  display: none;
}

.emotion-19 {
  position: relative;
  box-sizing: border-box;
  border-radius: 2px;
  color: #0a1633;
  height: 28px;
  display: inline-block;
  vertical-align: middle;
  border: 1px solid #d2d6ea;
  padding-right: 22px;
  border-right-width: 0;
}

.emotion-19 .uc-fe-numberinput-input-wrap {
  position: relative;
}

.emotion-19 .uc-fe-numberinput-input {
  border: none;
  outline: none;
  padding: 0;
  margin: 0;
  color: inherit;
}

.emotion-19 .uc-fe-numberinput-suffix {
  color: #7a8baa;
  margin: 0 4px;
  display: inline-block;
  vertical-align: middle;
}

.emotion-19 .uc-fe-numberinput-handler-up,
.emotion-19 .uc-fe-numberinput-handler-down {
  position: absolute;
  display: -webkit-inline-box;
  display: -webkit-inline-flex;
  display: -ms-inline-flexbox;
  display: inline-flex;
  -webkit-align-items: center;
  -webkit-box-align: center;
  -ms-flex-align: center;
  align-items: center;
  -webkit-box-pack: center;
  -webkit-justify-content: center;
  -ms-flex-pack: center;
  justify-content: center;
  box-sizing: border-box;
  border-radius: 2px;
  border-style: solid;
  border-color: #d2d6ea;
  cursor: pointer;
  color: #0a1633;
  box-shadow: 0 2px 3px 0 rgba(0,0,0,0.12),inset 0 -2px 0 0 #e3e9ff;
  background: #ffffff;
  vertical-align: middle;
}

.emotion-19 .uc-fe-numberinput-handler-up:hover,
.emotion-19 .uc-fe-numberinput-handler-down:hover {
  color: #3860f4;
  box-shadow: 0 0 1px 0 rgba(0,0,0,0.12),0 8px 12px -4px rgba(0,0,0,0.12),0 2px 1px -1px rgba(0,0,0,0.05),inset 0 -2px 0 0 #e3e9ff;
}

.emotion-19 .uc-fe-numberinput-handler-up.uc-fe-numberinput-handler-disabled,
.emotion-19 .uc-fe-numberinput-handler-down.uc-fe-numberinput-handler-disabled {
  cursor: default;
  pointer-events: none;
  color: #cccccc;
  fill: #cccccc;
  border-color: #c3cad9;
}

.emotion-19 .uc-fe-numberinput-input {
  line-height: 26px;
  height: 26px;
  display: inline-block;
  vertical-align: middle;
}

.emotion-19 .uc-fe-numberinput-input::-webkit-input-placeholder {
  opacity: 1;
  color: rgba(10,22,51,0.2);
}

.emotion-19 .uc-fe-numberinput-input::-moz-placeholder {
  opacity: 1;
  color: rgba(10,22,51,0.2);
}

.emotion-19 .uc-fe-numberinput-input:-ms-input-placeholder {
  opacity: 1;
  color: rgba(10,22,51,0.2);
}

.emotion-19 .uc-fe-numberinput-input::placeholder {
  opacity: 1;
  color: rgba(10,22,51,0.2);
}

.emotion-19:hover {
  border-color: #c3cad9;
}

.emotion-19 .uc-fe-numberinput-input-wrap {
  box-shadow: inset 0 3px 0 0 rgba(0,0,0,0.05);
  background: #fafafc;
}

.emotion-19 .uc-fe-numberinput-input-wrap:hover {
  background: #f6f6fb;
}

.emotion-19 .uc-fe-numberinput-input {
  padding: 0 0 0 8px;
  text-align: left;
  box-shadow: none;
  background: transparent;
  width: 34px;
}

.emotion-19 .uc-fe-numberinput-handler-up,
.emotion-19 .uc-fe-numberinput-handler-down {
  height: 13px;
  width: 22px;
  right: 0;
  box-sizing: content-box;
  border-radius: 0;
}

.emotion-19 .uc-fe-numberinput-handler-up:hover,
.emotion-19 .uc-fe-numberinput-handler-down:hover {
  color: #3860f4;
}

.emotion-19 .uc-fe-numberinput-handler-up {
  border-width: 0 0 0 1px;
  top: -1px;
  padding-top: 1px;
}

.emotion-19 .uc-fe-numberinput-handler-down {
  border-width: 1px 0 0 1px;
  bottom: 0;
  border-top-color: #c3cad9;
}

.emotion-15 {
  -webkit-transition: fill 0.3s,width 0.3s,height 0.3s;
  transition: fill 0.3s,width 0.3s,height 0.3s;
  display: inline-block;
  vertical-align: middle;
  fill: currentcolor;
  width: 12px;
  height: 12px;
}

.emotion-30 .uc-fe-skeleton-content p {
  overflow: hidden;
  position: relative;
  background: #f6f6fb;
  height: 16px;
  margin-top: 12px;
  background-clip: content-box;
  border-radius: 2px;
}

.emotion-30 .uc-fe-skeleton-content p:first-of-type {
  margin-top: 0;
}

.emotion-28 {
  font-size: 12px;
}

.emotion-28 .uc-fe-form-item {
  margin-bottom: 16px;
}

.emotion-28 .uc-fe-form-item:last-child {
  margin-bottom: 0;
}

.emotion-10 {
  position: relative;
  display: block;
  height: auto;
  margin-left: -8px;
  margin-right: -8px;
}

.emotion-10:before,
.emotion-10:after {
  content: ' ';
  display: table;
}

.emotion-10:after {
  clear: both;
}

.emotion-10 > .uc-fe-col {
  padding-left: 8px;
  padding-right: 8px;
}

.emotion-1 {
  position: relative;
  display: block;
  box-sizing: border-box;
  min-height: 1px;
  float: left;
  -webkit-flex: 0 0 auto;
  -ms-flex: 0 0 auto;
  flex: 0 0 auto;
  width: 25%;
  padding-top: 4px;
  line-height: 20px;
  word-break: break-all;
  color: #526075;
}

.emotion-6 {
  position: relative;
  display: block;
  box-sizing: border-box;
  min-height: 1px;
  float: left;
  -webkit-flex: 0 0 auto;
  -ms-flex: 0 0 auto;
  flex: 0 0 auto;
  width: 75%;
}

.emotion-3 {
  position: relative;
  cursor: pointer;
  font-size: 12px;
  display: inline-block;
  vertical-align: middle;
  height: 28px;
  line-height: 28px;
  width: 73px;
}

.emotion-3 .uc-fe-switch-inner {
  border-radius: 2px;
  box-sizing: border-box;
  display: -webkit-inline-box;
  display: -webkit-inline-flex;
  display: -ms-inline-flexbox;
  display: inline-flex;
  -webkit-align-items: center;
  -webkit-box-align: center;
  -ms-flex-align: center;
  align-items: center;
  width: 100%;
  height: 100%;
  -webkit-user-select: none;
  -moz-user-select: none;
  -ms-user-select: none;
  user-select: none;
  -webkit-transition: color 0.3s;
  transition: color 0.3s;
}

.emotion-3 .uc-fe-switch-dot {
  position: absolute;
  display: block;
  right: 6px;
  top: 50%;
  margin-top: -2px;
  width: 4px;
  height: 4px;
  border-radius: 50%;
  -webkit-transition: background 0.3s;
  transition: background 0.3s;
}

.emotion-3 .uc-fe-switch-button {
  position: absolute;
  display: block;
  box-sizing: border-box;
  left: 0;
  top: 0;
  -webkit-transition: all 0.3s;
  transition: all 0.3s;
}

.emotion-3 .uc-fe-switch-button > span {
  display: block;
  width: 100%;
  height: 100%;
  border-radius: 2px;
  box-sizing: border-box;
}

.emotion-3 .uc-fe-switch-tip-on,
.emotion-3 .uc-fe-switch-tip-off {
  width: 100%;
  text-align: center;
  box-sizing: border-box;
  display: block;
}

.emotion-3 .uc-fe-switch-inner {
  background: #f6f6fb;
  border-color: #d2d6ea;
  border-width: 1px;
  border-style: solid;
  box-shadow: inset 0 1px 3px 0 #d2d6ea;
  color: #526075;
}

.emotion-3 .uc-fe-switch-button {
  width: 28px;
  height: 28px;
  padding: 2px;
}

.emotion-3 .uc-fe-switch-button > span {
  background: #ffffff;
  box-shadow: 0 2px 3px 0 rgba(0,0,0,0.12),inset 0 -2px 0 0 #e3e9ff;
  border: 1px solid #d2d6ea;
}

.emotion-3 .uc-fe-switch-dot {
  background: #f44336;
}

.emotion-3:hover .uc-fe-switch-inner {
  border-color: #c3cad9;
}

.emotion-3 .uc-fe-switch-tip-on {
  padding-right: 28px;
}

.emotion-3 .uc-fe-switch-tip-off {
  padding-left: 28px;
}

.emotion-3 .uc-fe-switch-tip-on {
  display: none;
}

.emotion-19 {
  position: relative;
  box-sizing: border-box;
  border-radius: 2px;
  color: #0a1633;
  height: 28px;
  display: inline-block;
  vertical-align: middle;
  border: 1px solid #d2d6ea;
  padding-right: 22px;
  border-right-width: 0;
}

.emotion-19 .uc-fe-numberinput-input-wrap {
  position: relative;
}

.emotion-19 .uc-fe-numberinput-input {
  border: none;
  outline: none;
  padding: 0;
  margin: 0;
  color: inherit;
}

.emotion-19 .uc-fe-numberinput-suffix {
  color: #7a8baa;
  margin: 0 4px;
  display: inline-block;
  vertical-align: middle;
}

.emotion-19 .uc-fe-numberinput-handler-up,
.emotion-19 .uc-fe-numberinput-handler-down {
  position: absolute;
  display: -webkit-inline-box;
  display: -webkit-inline-flex;
  display: -ms-inline-flexbox;
  display: inline-flex;
  -webkit-align-items: center;
  -webkit-box-align: center;
  -ms-flex-align: center;
  align-items: center;
  -webkit-box-pack: center;
  -webkit-justify-content: center;
  -ms-flex-pack: center;
  justify-content: center;
  box-sizing: border-box;
  border-radius: 2px;
  border-style: solid;
  border-color: #d2d6ea;
  cursor: pointer;
  color: #0a1633;
  box-shadow: 0 2px 3px 0 rgba(0,0,0,0.12),inset 0 -2px 0 0 #e3e9ff;
  background: #ffffff;
  vertical-align: middle;
}

.emotion-19 .uc-fe-numberinput-handler-up:hover,
.emotion-19 .uc-fe-numberinput-handler-down:hover {
  color: #3860f4;
  box-shadow: 0 0 1px 0 rgba(0,0,0,0.12),0 8px 12px -4px rgba(0,0,0,0.12),0 2px 1px -1px rgba(0,0,0,0.05),inset 0 -2px 0 0 #e3e9ff;
}

.emotion-19 .uc-fe-numberinput-handler-up.uc-fe-numberinput-handler-disabled,
.emotion-19 .uc-fe-numberinput-handler-down.uc-fe-numberinput-handler-disabled {
  cursor: default;
  pointer-events: none;
  color: #cccccc;
  fill: #cccccc;
  border-color: #c3cad9;
}

.emotion-19 .uc-fe-numberinput-input {
  line-height: 26px;
  height: 26px;
  display: inline-block;
  vertical-align: middle;
}

.emotion-19 .uc-fe-numberinput-input::-webkit-input-placeholder {
  opacity: 1;
  color: rgba(10,22,51,0.2);
}

.emotion-19 .uc-fe-numberinput-input::-moz-placeholder {
  opacity: 1;
  color: rgba(10,22,51,0.2);
}

.emotion-19 .uc-fe-numberinput-input:-ms-input-placeholder {
  opacity: 1;
  color: rgba(10,22,51,0.2);
}

.emotion-19 .uc-fe-numberinput-input::placeholder {
  opacity: 1;
  color: rgba(10,22,51,0.2);
}

.emotion-19:hover {
  border-color: #c3cad9;
}

.emotion-19 .uc-fe-numberinput-input-wrap {
  box-shadow: inset 0 3px 0 0 rgba(0,0,0,0.05);
  background: #fafafc;
}

.emotion-19 .uc-fe-numberinput-input-wrap:hover {
  background: #f6f6fb;
}

.emotion-19 .uc-fe-numberinput-input {
  padding: 0 0 0 8px;
  text-align: left;
  box-shadow: none;
  background: transparent;
  width: 34px;
}

.emotion-19 .uc-fe-numberinput-handler-up,
.emotion-19 .uc-fe-numberinput-handler-down {
  height: 13px;
  width: 22px;
  right: 0;
  box-sizing: content-box;
  border-radius: 0;
}

.emotion-19 .uc-fe-numberinput-handler-up:hover,
.emotion-19 .uc-fe-numberinput-handler-down:hover {
  color: #3860f4;
}

.emotion-19 .uc-fe-numberinput-handler-up {
  border-width: 0 0 0 1px;
  top: -1px;
  padding-top: 1px;
}

.emotion-19 .uc-fe-numberinput-handler-down {
  border-width: 1px 0 0 1px;
  bottom: 0;
  border-top-color: #c3cad9;
}

.emotion-15 {
  -webkit-transition: fill 0.3s,width 0.3s,height 0.3s;
  transition: fill 0.3s,width 0.3s,height 0.3s;
  display: inline-block;
  vertical-align: middle;
  fill: currentcolor;
  width: 12px;
  height: 12px;
}

.emotion-30 .uc-fe-skeleton-content p {
  overflow: hidden;
  position: relative;
  background: #f6f6fb;
  height: 16px;
  margin-top: 12px;
  background-clip: content-box;
  border-radius: 2px;
}

.emotion-30 .uc-fe-skeleton-content p:first-of-type {
  margin-top: 0;
}

<div>
  <form
    class="uc-fe-form demo-form emotion-28 emotion-90"
  >
    <div
      class="uc-fe-row uc-fe-form-item emotion-8 emotion-9 emotion-10 emotion-11"
    >
      <div
        class="uc-fe-col uc-fe-form-label emotion-0 emotion-1 emotion-2"
        span="3"
      >
        animated
      </div>
      <div
        class="uc-fe-col uc-fe-form-controller emotion-5 emotion-6 emotion-2"
        span="9"
      >
        <div
          class="emotion-3 emotion-4"
        >
          <span
            class="uc-fe-switch-inner"
          >
            <span
              class="uc-fe-switch-tip-on"
            >
              ON
            </span>
            <span
              class="uc-fe-switch-tip-off"
            >
              OFF
            </span>
          </span>
          <span
            class="uc-fe-switch-button"
          >
            <span>
              <span
                class="uc-fe-switch-dot"
              />
            </span>
          </span>
        </div>
      </div>
    </div>
    <div
      class="uc-fe-row uc-fe-form-item emotion-8 emotion-9 emotion-10 emotion-11"
    >
      <div
        class="uc-fe-col uc-fe-form-label emotion-0 emotion-1 emotion-2"
        span="3"
      >
        rows
      </div>
      <div
        class="uc-fe-col uc-fe-form-controller emotion-5 emotion-6 emotion-2"
        span="9"
      >
        <div
          class="uc-fe-numberinput uc-fe-numberinput-styletype-default emotion-19 emotion-20"
        >
          <div>
            <span
              class="uc-fe-numberinput-handler-up"
              unselectable="unselectable"
            >
              <svg
                class=" emotion-15 emotion-16"
                viewBox="0 0 24 24"
              >
                <path
                  d="M12.6965559,6.27668537 L21.8268863,15.0324157 C22.0577046,15.253764 22.0577046,15.6126405 21.8268863,15.8339888 C21.7160434,15.940284 21.5657082,16 21.4089527,16 L2.5910473,16 C2.26462089,16 2,15.746236 2,15.4332022 C2,15.2828781 2.06227088,15.1387109 2.17311375,15.0324157 L11.3034441,6.27668537 C11.6881413,5.90777154 12.3118587,5.90777154 12.6965559,6.27668537 Z"
                />
              </svg>
            </span>
            <span
              class="uc-fe-numberinput-handler-down"
              unselectable="unselectable"
            >
              <svg
                class=" emotion-15 emotion-16"
                viewBox="0 0 24 24"
              >
                <path
                  d="M12.6965559,17.7233146 L21.8268863,8.96758429 C22.0577046,8.746236 22.0577046,8.38735951 21.8268863,8.16601122 C21.7160434,8.05971602 21.5657082,8 21.4089527,8 L2.5910473,8 C2.26462089,8 2,8.253764 2,8.56679776 C2,8.71712187 2.06227088,8.86128909 2.17311375,8.96758429 L11.3034441,17.7233146 C11.6881413,18.0922285 12.3118587,18.0922285 12.6965559,17.7233146 Z"
                />
              </svg>
            </span>
          </div>
          <div
            class="uc-fe-numberinput-input-wrap"
          >
            <input
              autocomplete="off"
              class="uc-fe-numberinput-input"
              min="-9007199254740991"
              step="1"
              value="1"
            />
          </div>
        </div>
      </div>
    </div>
  </form>
  <div
    class="demo-wrap"
  >
    <div
      class="emotion-30 emotion-31"
    >
      <div
        class="uc-fe-skeleton-content"
      >
        <p />
      </div>
    </div>
  </div>
</div>
`;

exports[`Skeleton demo -- usage 1`] = `
Array [
  <h2>
    普通场景
  </h2>,
  .emotion-0 .uc-fe-skeleton-content p {
  overflow: hidden;
  position: relative;
  background: #f6f6fb;
  height: 16px;
  margin-top: 12px;
  background-clip: content-box;
  border-radius: 2px;
}

.emotion-0 .uc-fe-skeleton-content p:first-of-type {
  margin-top: 0;
}

.emotion-0 .uc-fe-skeleton-content p {
  overflow: hidden;
  position: relative;
  background: #f6f6fb;
  height: 16px;
  margin-top: 12px;
  background-clip: content-box;
  border-radius: 2px;
}

.emotion-0 .uc-fe-skeleton-content p:first-of-type {
  margin-top: 0;
}

<div
    class="demo-wrap"
  >
    <div
      class="emotion-0 emotion-1"
    >
      <div
        class="uc-fe-skeleton-content"
      >
        <p />
      </div>
    </div>
  </div>,
  <h2>
    带动画
  </h2>,
  @keyframes animation-0 {
  0% {
    -webkit-transform: translate(-37.5%);
    -ms-transform: translate(-37.5%);
    transform: translate(-37.5%);
  }

  to {
    -webkit-transform: translate(37.5%);
    -ms-transform: translate(37.5%);
    transform: translate(37.5%);
  }
}

@keyframes animation-0 {
  0% {
    -webkit-transform: translate(-37.5%);
    -ms-transform: translate(-37.5%);
    transform: translate(-37.5%);
  }

  to {
    -webkit-transform: translate(37.5%);
    -ms-transform: translate(37.5%);
    transform: translate(37.5%);
  }
}

.emotion-0 .uc-fe-skeleton-content p {
  overflow: hidden;
  position: relative;
  background: #f6f6fb;
  height: 16px;
  margin-top: 12px;
  background-clip: content-box;
  border-radius: 2px;
}

.emotion-0 .uc-fe-skeleton-content p::after {
  content: '';
  -webkit-animation: 1.5s linear infinite animation-0;
  animation: 1.5s linear infinite animation-0;
  background: linear-gradient( 90deg,#f6f6fb 25%,#efeff8 37%,#f6f6fb 63% );
  position: absolute;
  top: 0;
  bottom: 0;
  height: 100%;
  right: -150%;
  left: -150%;
}

.emotion-0 .uc-fe-skeleton-content p:first-of-type {
  margin-top: 0;
}

@keyframes animation-0 {
  0% {
    -webkit-transform: translate(-37.5%);
    -ms-transform: translate(-37.5%);
    transform: translate(-37.5%);
  }

  to {
    -webkit-transform: translate(37.5%);
    -ms-transform: translate(37.5%);
    transform: translate(37.5%);
  }
}

@keyframes animation-0 {
  0% {
    -webkit-transform: translate(-37.5%);
    -ms-transform: translate(-37.5%);
    transform: translate(-37.5%);
  }

  to {
    -webkit-transform: translate(37.5%);
    -ms-transform: translate(37.5%);
    transform: translate(37.5%);
  }
}

.emotion-0 .uc-fe-skeleton-content p {
  overflow: hidden;
  position: relative;
  background: #f6f6fb;
  height: 16px;
  margin-top: 12px;
  background-clip: content-box;
  border-radius: 2px;
}

.emotion-0 .uc-fe-skeleton-content p::after {
  content: '';
  -webkit-animation: 1.5s linear infinite animation-0;
  animation: 1.5s linear infinite animation-0;
  background: linear-gradient( 90deg,#f6f6fb 25%,#efeff8 37%,#f6f6fb 63% );
  position: absolute;
  top: 0;
  bottom: 0;
  height: 100%;
  right: -150%;
  left: -150%;
}

.emotion-0 .uc-fe-skeleton-content p:first-of-type {
  margin-top: 0;
}

<div
    class="demo-wrap"
  >
    <div
      class="emotion-0 emotion-1"
    >
      <div
        class="uc-fe-skeleton-content"
      >
        <p />
      </div>
    </div>
  </div>,
  <h2>
    多行
  </h2>,
  @keyframes animation-0 {
  0% {
    -webkit-transform: translate(-37.5%);
    -ms-transform: translate(-37.5%);
    transform: translate(-37.5%);
  }

  to {
    -webkit-transform: translate(37.5%);
    -ms-transform: translate(37.5%);
    transform: translate(37.5%);
  }
}

@keyframes animation-0 {
  0% {
    -webkit-transform: translate(-37.5%);
    -ms-transform: translate(-37.5%);
    transform: translate(-37.5%);
  }

  to {
    -webkit-transform: translate(37.5%);
    -ms-transform: translate(37.5%);
    transform: translate(37.5%);
  }
}

.emotion-0 .uc-fe-skeleton-content p {
  overflow: hidden;
  position: relative;
  background: #f6f6fb;
  height: 16px;
  margin-top: 12px;
  background-clip: content-box;
  border-radius: 2px;
}

.emotion-0 .uc-fe-skeleton-content p::after {
  content: '';
  -webkit-animation: 1.5s linear infinite animation-0;
  animation: 1.5s linear infinite animation-0;
  background: linear-gradient( 90deg,#f6f6fb 25%,#efeff8 37%,#f6f6fb 63% );
  position: absolute;
  top: 0;
  bottom: 0;
  height: 100%;
  right: -150%;
  left: -150%;
}

.emotion-0 .uc-fe-skeleton-content p:first-of-type {
  margin-top: 0;
}

@keyframes animation-0 {
  0% {
    -webkit-transform: translate(-37.5%);
    -ms-transform: translate(-37.5%);
    transform: translate(-37.5%);
  }

  to {
    -webkit-transform: translate(37.5%);
    -ms-transform: translate(37.5%);
    transform: translate(37.5%);
  }
}

@keyframes animation-0 {
  0% {
    -webkit-transform: translate(-37.5%);
    -ms-transform: translate(-37.5%);
    transform: translate(-37.5%);
  }

  to {
    -webkit-transform: translate(37.5%);
    -ms-transform: translate(37.5%);
    transform: translate(37.5%);
  }
}

.emotion-0 .uc-fe-skeleton-content p {
  overflow: hidden;
  position: relative;
  background: #f6f6fb;
  height: 16px;
  margin-top: 12px;
  background-clip: content-box;
  border-radius: 2px;
}

.emotion-0 .uc-fe-skeleton-content p::after {
  content: '';
  -webkit-animation: 1.5s linear infinite animation-0;
  animation: 1.5s linear infinite animation-0;
  background: linear-gradient( 90deg,#f6f6fb 25%,#efeff8 37%,#f6f6fb 63% );
  position: absolute;
  top: 0;
  bottom: 0;
  height: 100%;
  right: -150%;
  left: -150%;
}

.emotion-0 .uc-fe-skeleton-content p:first-of-type {
  margin-top: 0;
}

<div
    class="demo-wrap"
  >
    <div
      class="emotion-0 emotion-1"
    >
      <div
        class="uc-fe-skeleton-content"
      >
        <p />
        <p />
        <p />
      </div>
    </div>
  </div>,
  <h2>
    组合
  </h2>,
  @keyframes animation-0 {
  0% {
    -webkit-transform: translate(-37.5%);
    -ms-transform: translate(-37.5%);
    transform: translate(-37.5%);
  }

  to {
    -webkit-transform: translate(37.5%);
    -ms-transform: translate(37.5%);
    transform: translate(37.5%);
  }
}

@keyframes animation-0 {
  0% {
    -webkit-transform: translate(-37.5%);
    -ms-transform: translate(-37.5%);
    transform: translate(-37.5%);
  }

  to {
    -webkit-transform: translate(37.5%);
    -ms-transform: translate(37.5%);
    transform: translate(37.5%);
  }
}

.emotion-8 .uc-fe-skeleton-content p {
  overflow: hidden;
  position: relative;
  background: #f6f6fb;
  height: 16px;
  margin-top: 12px;
  background-clip: content-box;
  border-radius: 2px;
}

.emotion-8 .uc-fe-skeleton-content p::after {
  content: '';
  -webkit-animation: 1.5s linear infinite animation-0;
  animation: 1.5s linear infinite animation-0;
  background: linear-gradient( 90deg,#f6f6fb 25%,#efeff8 37%,#f6f6fb 63% );
  position: absolute;
  top: 0;
  bottom: 0;
  height: 100%;
  right: -150%;
  left: -150%;
}

.emotion-8 .uc-fe-skeleton-content p:first-of-type {
  margin-top: 0;
}

.emotion-12 {
  box-sizing: border-box;
  text-align: left;
  overflow: auto;
  background: #ffffff;
  font-size: 12px;
  box-shadow: 0 0 1px 0 rgba(0,0,0,0.12),0 8px 12px -4px rgba(0,0,0,0.12),0 4px 4px -2px rgba(0,0,0,0.05),inset 0 -2px 0px 0px rgba(0,0,0,0.08);
  border-radius: 4px;
}

.emotion-12 .uc-fe-card-header:last-of-type,
.emotion-12 .uc-fe-card-action:last-of-type,
.emotion-12 .uc-fe-card-content:last-of-type {
  margin-bottom: 24px;
}

.emotion-12 .uc-fe-card-header:nth-of-type(2),
.emotion-12 .uc-fe-card-action:nth-of-type(2),
.emotion-12 .uc-fe-card-content:nth-of-type(2) {
  margin-top: 24px;
}

.emotion-12 .uc-fe-card-title {
  color: #0a1633;
  font-size: 16px;
}

.emotion-12 .uc-fe-card-comment {
  color: #526075;
  font-size: 12px;
}

.emotion-12 .uc-fe-card-footer {
  border-top: 1px solid #d2d6ea;
  margin-top: 24px;
}

.emotion-6 {
  padding-left: 24px;
  padding-right: 24px;
  margin-top: 24px;
  margin-bottom: 0px;
}

.emotion-6:before,
.emotion-6:after {
  content: ' ';
  display: table;
}

.emotion-6:after {
  clear: both;
}

.emotion-2 {
  line-height: 1.7;
  font-weight: 600;
}

.emotion-0 .uc-fe-skeleton-content {
  width: 60%;
}

.emotion-0 .uc-fe-skeleton-content p {
  overflow: hidden;
  position: relative;
  background: #f6f6fb;
  height: 16px;
  margin-top: 12px;
  background-clip: content-box;
  border-radius: 2px;
}

.emotion-0 .uc-fe-skeleton-content p::after {
  content: '';
  -webkit-animation: 1.5s linear infinite animation-0;
  animation: 1.5s linear infinite animation-0;
  background: linear-gradient( 90deg,#f6f6fb 25%,#efeff8 37%,#f6f6fb 63% );
  position: absolute;
  top: 0;
  bottom: 0;
  height: 100%;
  right: -150%;
  left: -150%;
}

.emotion-0 .uc-fe-skeleton-content p:first-of-type {
  margin-top: 0;
}

.emotion-4 {
  line-height: 1.7;
  font-weight: 400;
}

.emotion-10 {
  padding-left: 24px;
  padding-right: 24px;
  margin-top: 16px;
  margin-bottom: 0px;
}

@keyframes animation-0 {
  0% {
    -webkit-transform: translate(-37.5%);
    -ms-transform: translate(-37.5%);
    transform: translate(-37.5%);
  }

  to {
    -webkit-transform: translate(37.5%);
    -ms-transform: translate(37.5%);
    transform: translate(37.5%);
  }
}

@keyframes animation-0 {
  0% {
    -webkit-transform: translate(-37.5%);
    -ms-transform: translate(-37.5%);
    transform: translate(-37.5%);
  }

  to {
    -webkit-transform: translate(37.5%);
    -ms-transform: translate(37.5%);
    transform: translate(37.5%);
  }
}

.emotion-8 .uc-fe-skeleton-content p {
  overflow: hidden;
  position: relative;
  background: #f6f6fb;
  height: 16px;
  margin-top: 12px;
  background-clip: content-box;
  border-radius: 2px;
}

.emotion-8 .uc-fe-skeleton-content p::after {
  content: '';
  -webkit-animation: 1.5s linear infinite animation-0;
  animation: 1.5s linear infinite animation-0;
  background: linear-gradient( 90deg,#f6f6fb 25%,#efeff8 37%,#f6f6fb 63% );
  position: absolute;
  top: 0;
  bottom: 0;
  height: 100%;
  right: -150%;
  left: -150%;
}

.emotion-8 .uc-fe-skeleton-content p:first-of-type {
  margin-top: 0;
}

.emotion-12 {
  box-sizing: border-box;
  text-align: left;
  overflow: auto;
  background: #ffffff;
  font-size: 12px;
  box-shadow: 0 0 1px 0 rgba(0,0,0,0.12),0 8px 12px -4px rgba(0,0,0,0.12),0 4px 4px -2px rgba(0,0,0,0.05),inset 0 -2px 0px 0px rgba(0,0,0,0.08);
  border-radius: 4px;
}

.emotion-12 .uc-fe-card-header:last-of-type,
.emotion-12 .uc-fe-card-action:last-of-type,
.emotion-12 .uc-fe-card-content:last-of-type {
  margin-bottom: 24px;
}

.emotion-12 .uc-fe-card-header:nth-of-type(2),
.emotion-12 .uc-fe-card-action:nth-of-type(2),
.emotion-12 .uc-fe-card-content:nth-of-type(2) {
  margin-top: 24px;
}

.emotion-12 .uc-fe-card-title {
  color: #0a1633;
  font-size: 16px;
}

.emotion-12 .uc-fe-card-comment {
  color: #526075;
  font-size: 12px;
}

.emotion-12 .uc-fe-card-footer {
  border-top: 1px solid #d2d6ea;
  margin-top: 24px;
}

.emotion-6 {
  padding-left: 24px;
  padding-right: 24px;
  margin-top: 24px;
  margin-bottom: 0px;
}

.emotion-6:before,
.emotion-6:after {
  content: ' ';
  display: table;
}

.emotion-6:after {
  clear: both;
}

.emotion-2 {
  line-height: 1.7;
  font-weight: 600;
}

.emotion-0 .uc-fe-skeleton-content {
  width: 60%;
}

.emotion-0 .uc-fe-skeleton-content p {
  overflow: hidden;
  position: relative;
  background: #f6f6fb;
  height: 16px;
  margin-top: 12px;
  background-clip: content-box;
  border-radius: 2px;
}

.emotion-0 .uc-fe-skeleton-content p::after {
  content: '';
  -webkit-animation: 1.5s linear infinite animation-0;
  animation: 1.5s linear infinite animation-0;
  background: linear-gradient( 90deg,#f6f6fb 25%,#efeff8 37%,#f6f6fb 63% );
  position: absolute;
  top: 0;
  bottom: 0;
  height: 100%;
  right: -150%;
  left: -150%;
}

.emotion-0 .uc-fe-skeleton-content p:first-of-type {
  margin-top: 0;
}

.emotion-4 {
  line-height: 1.7;
  font-weight: 400;
}

.emotion-10 {
  padding-left: 24px;
  padding-right: 24px;
  margin-top: 16px;
  margin-bottom: 0px;
}

<div
    class="demo-wrap"
  >
    <div
      class="uc-fe-card emotion-12 emotion-13"
    >
      <div />
      <div
        class="uc-fe-card-header emotion-6 emotion-7"
      >
        <div
          class="uc-fe-card-title emotion-2 emotion-3"
        >
          <div
            class="emotion-0 emotion-1"
            width="60%"
          >
            <div
              class="uc-fe-skeleton-content"
            >
              <p />
            </div>
          </div>
        </div>
        <div
          class="uc-fe-card-comment emotion-4 emotion-5"
        />
      </div>
      <div
        class="uc-fe-card-content emotion-10 emotion-11"
      >
        <div
          class="emotion-8 emotion-1"
        >
          <div
            class="uc-fe-skeleton-content"
          >
            <p />
            <p />
            <p />
          </div>
        </div>
      </div>
    </div>
  </div>,
]
`;
