// Jest Snapshot v1, https://goo.gl/fbAQLP

exports[`Spin demo -- base 1`] = `
.c0 {
  -webkit-animation: iVXCSc 1.2s infinite linear;
  animation: iVXCSc 1.2s infinite linear;
}

<div
  class="c0"
  style="display:inline-block;"
>
  <p>
    这是一行会旋转的文字
  </p>
</div>
`;
