// Jest Snapshot v1, https://goo.gl/fbAQLP

exports[`Link demo -- base 1`] = `
.emotion-0,
.emotion-0:link,
.emotion-0:visited {
  -webkit-text-decoration: underline;
  text-decoration: underline;
  color: #3860f4;
}

.emotion-0:hover,
.emotion-0:active {
  color: #3357df;
}

.emotion-0,
.emotion-0:link,
.emotion-0:visited {
  -webkit-text-decoration: underline;
  text-decoration: underline;
  color: #3860f4;
}

.emotion-0:hover,
.emotion-0:active {
  color: #3357df;
}

<a
  class="uc-fe-link emotion-0 emotion-1"
  href="https://google.com"
  target="_blank"
>
  Link to Google
</a>
`;

exports[`Link demo -- button 1`] = `
Array [
  .emotion-0 {
  margin: 0;
  box-sizing: border-box;
  border-radius: 2px;
  text-align: center;
  -webkit-text-decoration: none;
  text-decoration: none;
  cursor: pointer;
  outline: none;
  font-size: 12px;
  display: inline-block;
  vertical-align: middle;
  height: 28px;
  line-height: 28px;
  padding: 0 8px;
  color: #0a1633;
  fill: #0a1633;
  background: #ffffff;
  border: none;
  box-shadow: 0 1px 2px 0 rgba(0,0,0,0.08),0 1px 1px -1px rgba(0,0,0,0.30),0 1px 3px -1px rgba(0,0,0,0.12),inset 0 1px 0 0 rgba(0,0,0,0.05);
  -webkit-transition: width,height,border,background,color,fill,box-shadow .16s ease-out;
  transition: width,height,border,background,color,fill,box-shadow .16s ease-out;
}

.emotion-0:hover {
  color: #3860f4;
  fill: #3860f4;
  background: #ffffff;
  box-shadow: 0 0 1px 0 rgba(0,0,0,0.12),0 8px 12px -4px rgba(0,0,0,0.12),0 2px 1px -1px rgba(0,0,0,0.05);
}

.emotion-0 {
  margin: 0;
  box-sizing: border-box;
  border-radius: 2px;
  text-align: center;
  -webkit-text-decoration: none;
  text-decoration: none;
  cursor: pointer;
  outline: none;
  font-size: 12px;
  display: inline-block;
  vertical-align: middle;
  height: 28px;
  line-height: 28px;
  padding: 0 8px;
  color: #0a1633;
  fill: #0a1633;
  background: #ffffff;
  border: none;
  box-shadow: 0 1px 2px 0 rgba(0,0,0,0.08),0 1px 1px -1px rgba(0,0,0,0.30),0 1px 3px -1px rgba(0,0,0,0.12),inset 0 1px 0 0 rgba(0,0,0,0.05);
  -webkit-transition: width,height,border,background,color,fill,box-shadow .16s ease-out;
  transition: width,height,border,background,color,fill,box-shadow .16s ease-out;
}

.emotion-0:hover {
  color: #3860f4;
  fill: #3860f4;
  background: #ffffff;
  box-shadow: 0 0 1px 0 rgba(0,0,0,0.12),0 8px 12px -4px rgba(0,0,0,0.12),0 2px 1px -1px rgba(0,0,0,0.05);
}

<a
    class="uc-fe-button uc-fe-button-size-md uc-fe-button-styletype-border uc-fe-link emotion-0 emotion-1"
    href="https://google.com"
    target="_blank"
  >
    Link to Google
  </a>,
  .emotion-0 {
  margin: 0;
  box-sizing: border-box;
  border-radius: 2px;
  text-align: center;
  -webkit-text-decoration: none;
  text-decoration: none;
  cursor: pointer;
  outline: none;
  font-size: 12px;
  display: inline-block;
  vertical-align: middle;
  height: 28px;
  line-height: 28px;
  padding: 0 8px;
  color: #ffffff;
  fill: #ffffff;
  border: none;
  background: linear-gradient(135deg,#6488fc 0%,#3860f4 100%);
  box-shadow: 0 1px 3px -1px #5c76e8;
  -webkit-transition: width,height,border,background,color,fill,box-shadow .16s ease-out;
  transition: width,height,border,background,color,fill,box-shadow .16s ease-out;
}

.emotion-0:hover {
  background: linear-gradient(135deg,#5c76e8 0%,#3357df 100%);
  box-shadow: 0 5px 8px -4px #5c76e8;
}

.emotion-0 {
  margin: 0;
  box-sizing: border-box;
  border-radius: 2px;
  text-align: center;
  -webkit-text-decoration: none;
  text-decoration: none;
  cursor: pointer;
  outline: none;
  font-size: 12px;
  display: inline-block;
  vertical-align: middle;
  height: 28px;
  line-height: 28px;
  padding: 0 8px;
  color: #ffffff;
  fill: #ffffff;
  border: none;
  background: linear-gradient(135deg,#6488fc 0%,#3860f4 100%);
  box-shadow: 0 1px 3px -1px #5c76e8;
  -webkit-transition: width,height,border,background,color,fill,box-shadow .16s ease-out;
  transition: width,height,border,background,color,fill,box-shadow .16s ease-out;
}

.emotion-0:hover {
  background: linear-gradient(135deg,#5c76e8 0%,#3357df 100%);
  box-shadow: 0 5px 8px -4px #5c76e8;
}

<a
    class="uc-fe-button uc-fe-button-size-md uc-fe-button-styletype-primary uc-fe-link emotion-0 emotion-1"
    href="https://google.com"
    target="_blank"
  >
    Link to Google
  </a>,
  .emotion-0 {
  margin: 0;
  box-sizing: border-box;
  border-radius: 2px;
  text-align: center;
  -webkit-text-decoration: none;
  text-decoration: none;
  cursor: pointer;
  outline: none;
  font-size: 12px;
  display: inline-block;
  vertical-align: middle;
  height: 32px;
  line-height: 32px;
  padding: 0 12px;
  color: #0a1633;
  fill: #0a1633;
  background: #ffffff;
  border: none;
  box-shadow: 0 1px 2px 0 rgba(0,0,0,0.08),0 1px 1px -1px rgba(0,0,0,0.30),0 1px 3px -1px rgba(0,0,0,0.12),inset 0 1px 0 0 rgba(0,0,0,0.05);
  -webkit-transition: width,height,border,background,color,fill,box-shadow .16s ease-out;
  transition: width,height,border,background,color,fill,box-shadow .16s ease-out;
}

.emotion-0:hover {
  color: #3860f4;
  fill: #3860f4;
  background: #ffffff;
  box-shadow: 0 0 1px 0 rgba(0,0,0,0.12),0 8px 12px -4px rgba(0,0,0,0.12),0 2px 1px -1px rgba(0,0,0,0.05);
}

.emotion-0 {
  margin: 0;
  box-sizing: border-box;
  border-radius: 2px;
  text-align: center;
  -webkit-text-decoration: none;
  text-decoration: none;
  cursor: pointer;
  outline: none;
  font-size: 12px;
  display: inline-block;
  vertical-align: middle;
  height: 32px;
  line-height: 32px;
  padding: 0 12px;
  color: #0a1633;
  fill: #0a1633;
  background: #ffffff;
  border: none;
  box-shadow: 0 1px 2px 0 rgba(0,0,0,0.08),0 1px 1px -1px rgba(0,0,0,0.30),0 1px 3px -1px rgba(0,0,0,0.12),inset 0 1px 0 0 rgba(0,0,0,0.05);
  -webkit-transition: width,height,border,background,color,fill,box-shadow .16s ease-out;
  transition: width,height,border,background,color,fill,box-shadow .16s ease-out;
}

.emotion-0:hover {
  color: #3860f4;
  fill: #3860f4;
  background: #ffffff;
  box-shadow: 0 0 1px 0 rgba(0,0,0,0.12),0 8px 12px -4px rgba(0,0,0,0.12),0 2px 1px -1px rgba(0,0,0,0.05);
}

<a
    class="uc-fe-button uc-fe-button-size-lg uc-fe-button-styletype-border uc-fe-link emotion-0 emotion-1"
    href="https://google.com"
    target="_blank"
  >
    Link to Google
  </a>,
  .emotion-2 {
  margin: 0;
  box-sizing: border-box;
  border-radius: 2px;
  text-align: center;
  -webkit-text-decoration: none;
  text-decoration: none;
  cursor: pointer;
  outline: none;
  font-size: 12px;
  display: inline-block;
  vertical-align: middle;
  height: 28px;
  line-height: 28px;
  padding: 0 8px;
  color: #0a1633;
  fill: #0a1633;
  background: #ffffff;
  border: none;
  box-shadow: 0 1px 2px 0 rgba(0,0,0,0.08),0 1px 1px -1px rgba(0,0,0,0.30),0 1px 3px -1px rgba(0,0,0,0.12),inset 0 1px 0 0 rgba(0,0,0,0.05);
  -webkit-transition: width,height,border,background,color,fill,box-shadow .16s ease-out;
  transition: width,height,border,background,color,fill,box-shadow .16s ease-out;
  border-radius: 50% !important;
  padding: 0;
  overflow: hidden;
  width: 28px;
}

.emotion-2:hover {
  color: #3860f4;
  fill: #3860f4;
  background: #ffffff;
  box-shadow: 0 0 1px 0 rgba(0,0,0,0.12),0 8px 12px -4px rgba(0,0,0,0.12),0 2px 1px -1px rgba(0,0,0,0.05);
}

.emotion-0 {
  vertical-align: baseline;
}

.emotion-2 {
  margin: 0;
  box-sizing: border-box;
  border-radius: 2px;
  text-align: center;
  -webkit-text-decoration: none;
  text-decoration: none;
  cursor: pointer;
  outline: none;
  font-size: 12px;
  display: inline-block;
  vertical-align: middle;
  height: 28px;
  line-height: 28px;
  padding: 0 8px;
  color: #0a1633;
  fill: #0a1633;
  background: #ffffff;
  border: none;
  box-shadow: 0 1px 2px 0 rgba(0,0,0,0.08),0 1px 1px -1px rgba(0,0,0,0.30),0 1px 3px -1px rgba(0,0,0,0.12),inset 0 1px 0 0 rgba(0,0,0,0.05);
  -webkit-transition: width,height,border,background,color,fill,box-shadow .16s ease-out;
  transition: width,height,border,background,color,fill,box-shadow .16s ease-out;
  border-radius: 50% !important;
  padding: 0;
  overflow: hidden;
  width: 28px;
}

.emotion-2:hover {
  color: #3860f4;
  fill: #3860f4;
  background: #ffffff;
  box-shadow: 0 0 1px 0 rgba(0,0,0,0.12),0 8px 12px -4px rgba(0,0,0,0.12),0 2px 1px -1px rgba(0,0,0,0.05);
}

.emotion-0 {
  vertical-align: baseline;
}

<a
    class="uc-fe-button uc-fe-button-size-md uc-fe-button-styletype-border uc-fe-button-circle uc-fe-link emotion-2 emotion-3"
    href="https://google.com"
    shape="circle"
    target="_blank"
  >
    <i
      class="uc-fe-icon icon__plus uc-fe-button-icon emotion-0 emotion-1"
    />
  </a>,
]
`;
